Archive member included to satisfy reference by file (symbol)

c:/program files (x86)/atmel/studio/7.0/toolchain/avr8/avr8-gnu-toolchain/bin/../lib/gcc/avr/5.4.0/../../../../avr/lib/avr6\libm.a(addsf3.o)
                              src/MotorControls.o (__subsf3)
c:/program files (x86)/atmel/studio/7.0/toolchain/avr8/avr8-gnu-toolchain/bin/../lib/gcc/avr/5.4.0/../../../../avr/lib/avr6\libm.a(addsf3x.o)
                              c:/program files (x86)/atmel/studio/7.0/toolchain/avr8/avr8-gnu-toolchain/bin/../lib/gcc/avr/5.4.0/../../../../avr/lib/avr6\libm.a(addsf3.o) (__addsf3x)
c:/program files (x86)/atmel/studio/7.0/toolchain/avr8/avr8-gnu-toolchain/bin/../lib/gcc/avr/5.4.0/../../../../avr/lib/avr6\libm.a(cmpsf2.o)
                              src/MotorControls.o (__ltsf2)
c:/program files (x86)/atmel/studio/7.0/toolchain/avr8/avr8-gnu-toolchain/bin/../lib/gcc/avr/5.4.0/../../../../avr/lib/avr6\libm.a(divsf3.o)
                              src/MotorControls.o (__divsf3)
c:/program files (x86)/atmel/studio/7.0/toolchain/avr8/avr8-gnu-toolchain/bin/../lib/gcc/avr/5.4.0/../../../../avr/lib/avr6\libm.a(divsf3x.o)
                              c:/program files (x86)/atmel/studio/7.0/toolchain/avr8/avr8-gnu-toolchain/bin/../lib/gcc/avr/5.4.0/../../../../avr/lib/avr6\libm.a(divsf3.o) (__divsf3x)
c:/program files (x86)/atmel/studio/7.0/toolchain/avr8/avr8-gnu-toolchain/bin/../lib/gcc/avr/5.4.0/../../../../avr/lib/avr6\libm.a(fixsfsi.o)
                              src/MotorControls.o (__fixsfsi)
c:/program files (x86)/atmel/studio/7.0/toolchain/avr8/avr8-gnu-toolchain/bin/../lib/gcc/avr/5.4.0/../../../../avr/lib/avr6\libm.a(fixunssfsi.o)
                              c:/program files (x86)/atmel/studio/7.0/toolchain/avr8/avr8-gnu-toolchain/bin/../lib/gcc/avr/5.4.0/../../../../avr/lib/avr6\libm.a(fixsfsi.o) (__fixunssfsi)
c:/program files (x86)/atmel/studio/7.0/toolchain/avr8/avr8-gnu-toolchain/bin/../lib/gcc/avr/5.4.0/../../../../avr/lib/avr6\libm.a(floatsisf.o)
                              src/MotorControls.o (__floatsisf)
c:/program files (x86)/atmel/studio/7.0/toolchain/avr8/avr8-gnu-toolchain/bin/../lib/gcc/avr/5.4.0/../../../../avr/lib/avr6\libm.a(fp_cmp.o)
                              c:/program files (x86)/atmel/studio/7.0/toolchain/avr8/avr8-gnu-toolchain/bin/../lib/gcc/avr/5.4.0/../../../../avr/lib/avr6\libm.a(cmpsf2.o) (__fp_cmp)
c:/program files (x86)/atmel/studio/7.0/toolchain/avr8/avr8-gnu-toolchain/bin/../lib/gcc/avr/5.4.0/../../../../avr/lib/avr6\libm.a(fp_inf.o)
                              c:/program files (x86)/atmel/studio/7.0/toolchain/avr8/avr8-gnu-toolchain/bin/../lib/gcc/avr/5.4.0/../../../../avr/lib/avr6\libm.a(addsf3x.o) (__fp_inf)
c:/program files (x86)/atmel/studio/7.0/toolchain/avr8/avr8-gnu-toolchain/bin/../lib/gcc/avr/5.4.0/../../../../avr/lib/avr6\libm.a(fp_nan.o)
                              c:/program files (x86)/atmel/studio/7.0/toolchain/avr8/avr8-gnu-toolchain/bin/../lib/gcc/avr/5.4.0/../../../../avr/lib/avr6\libm.a(addsf3x.o) (__fp_nan)
c:/program files (x86)/atmel/studio/7.0/toolchain/avr8/avr8-gnu-toolchain/bin/../lib/gcc/avr/5.4.0/../../../../avr/lib/avr6\libm.a(fp_pscA.o)
                              c:/program files (x86)/atmel/studio/7.0/toolchain/avr8/avr8-gnu-toolchain/bin/../lib/gcc/avr/5.4.0/../../../../avr/lib/avr6\libm.a(addsf3x.o) (__fp_pscA)
c:/program files (x86)/atmel/studio/7.0/toolchain/avr8/avr8-gnu-toolchain/bin/../lib/gcc/avr/5.4.0/../../../../avr/lib/avr6\libm.a(fp_pscB.o)
                              c:/program files (x86)/atmel/studio/7.0/toolchain/avr8/avr8-gnu-toolchain/bin/../lib/gcc/avr/5.4.0/../../../../avr/lib/avr6\libm.a(addsf3x.o) (__fp_pscB)
c:/program files (x86)/atmel/studio/7.0/toolchain/avr8/avr8-gnu-toolchain/bin/../lib/gcc/avr/5.4.0/../../../../avr/lib/avr6\libm.a(fp_round.o)
                              c:/program files (x86)/atmel/studio/7.0/toolchain/avr8/avr8-gnu-toolchain/bin/../lib/gcc/avr/5.4.0/../../../../avr/lib/avr6\libm.a(addsf3.o) (__fp_round)
c:/program files (x86)/atmel/studio/7.0/toolchain/avr8/avr8-gnu-toolchain/bin/../lib/gcc/avr/5.4.0/../../../../avr/lib/avr6\libm.a(fp_split3.o)
                              c:/program files (x86)/atmel/studio/7.0/toolchain/avr8/avr8-gnu-toolchain/bin/../lib/gcc/avr/5.4.0/../../../../avr/lib/avr6\libm.a(addsf3x.o) (__fp_split3)
c:/program files (x86)/atmel/studio/7.0/toolchain/avr8/avr8-gnu-toolchain/bin/../lib/gcc/avr/5.4.0/../../../../avr/lib/avr6\libm.a(fp_zero.o)
                              c:/program files (x86)/atmel/studio/7.0/toolchain/avr8/avr8-gnu-toolchain/bin/../lib/gcc/avr/5.4.0/../../../../avr/lib/avr6\libm.a(addsf3x.o) (__fp_zero)
c:/program files (x86)/atmel/studio/7.0/toolchain/avr8/avr8-gnu-toolchain/bin/../lib/gcc/avr/5.4.0/../../../../avr/lib/avr6\libm.a(mulsf3.o)
                              src/MotorControls.o (__mulsf3)
c:/program files (x86)/atmel/studio/7.0/toolchain/avr8/avr8-gnu-toolchain/bin/../lib/gcc/avr/5.4.0/../../../../avr/lib/avr6\libm.a(mulsf3x.o)
                              c:/program files (x86)/atmel/studio/7.0/toolchain/avr8/avr8-gnu-toolchain/bin/../lib/gcc/avr/5.4.0/../../../../avr/lib/avr6\libm.a(mulsf3.o) (__mulsf3x)
c:/program files (x86)/atmel/studio/7.0/toolchain/avr8/avr8-gnu-toolchain/bin/../lib/gcc/avr/5.4.0/avr6\libgcc.a(_divmodhi4.o)
                              src/UltrasonicObservers.o (__divmodhi4)
c:/program files (x86)/atmel/studio/7.0/toolchain/avr8/avr8-gnu-toolchain/bin/../lib/gcc/avr/5.4.0/avr6\libgcc.a(_exit.o)
                              C:/Program Files (x86)/Atmel/Studio/7.0/Packs/atmel/ATmega_DFP/1.2.209/gcc/dev/atmega2560/avr6/crtatmega2560.o (exit)
c:/program files (x86)/atmel/studio/7.0/toolchain/avr8/avr8-gnu-toolchain/bin/../lib/gcc/avr/5.4.0/avr6\libgcc.a(_copy_data.o)
                              src/UltrasonicObservers.o (__do_copy_data)
c:/program files (x86)/atmel/studio/7.0/toolchain/avr8/avr8-gnu-toolchain/bin/../lib/gcc/avr/5.4.0/avr6\libgcc.a(_clear_bss.o)
                              src/IRsensor.o (__do_clear_bss)
c:/program files (x86)/atmel/studio/7.0/toolchain/avr8/avr8-gnu-toolchain/bin/../lib/gcc/avr/5.4.0/avr6\libgcc.a(_udivmodhi4.o)
                              c:/program files (x86)/atmel/studio/7.0/toolchain/avr8/avr8-gnu-toolchain/bin/../lib/gcc/avr/5.4.0/avr6\libgcc.a(_divmodhi4.o) (__udivmodhi4)

Allocating common symbols
Common symbol       size              file

right               0x2               src/RotaryEncoder.o
leftTape            0x2               src/IRsensor.o
left                0x2               src/RotaryEncoder.o

Discarded input sections

 .data          0x00000000        0x0 C:/Program Files (x86)/Atmel/Studio/7.0/Packs/atmel/ATmega_DFP/1.2.209/gcc/dev/atmega2560/avr6/crtatmega2560.o
 .bss           0x00000000        0x0 C:/Program Files (x86)/Atmel/Studio/7.0/Packs/atmel/ATmega_DFP/1.2.209/gcc/dev/atmega2560/avr6/crtatmega2560.o
 .group         0x00000000        0x8 src/IRsensor.o
 .group         0x00000000        0x8 src/IRsensor.o
 .group         0x00000000        0x8 src/IRsensor.o
 .group         0x00000000        0x8 src/IRsensor.o
 .group         0x00000000        0x8 src/IRsensor.o
 .group         0x00000000        0x8 src/IRsensor.o
 .group         0x00000000        0x8 src/IRsensor.o
 .group         0x00000000        0x8 src/IRsensor.o
 .group         0x00000000        0x8 src/IRsensor.o
 .group         0x00000000        0x8 src/IRsensor.o
 .group         0x00000000        0x8 src/IRsensor.o
 .group         0x00000000        0x8 src/IRsensor.o
 .group         0x00000000        0x8 src/IRsensor.o
 .group         0x00000000        0x8 src/IRsensor.o
 .group         0x00000000        0x8 src/IRsensor.o
 .group         0x00000000        0x8 src/IRsensor.o
 .group         0x00000000        0x8 src/IRsensor.o
 .group         0x00000000        0x8 src/IRsensor.o
 .group         0x00000000        0x8 src/IRsensor.o
 .group         0x00000000        0x8 src/IRsensor.o
 .group         0x00000000        0x8 src/IRsensor.o
 .group         0x00000000        0x8 src/IRsensor.o
 .group         0x00000000        0x8 src/IRsensor.o
 .group         0x00000000        0x8 src/IRsensor.o
 .group         0x00000000        0x8 src/IRsensor.o
 .group         0x00000000        0x8 src/IRsensor.o
 .group         0x00000000        0x8 src/IRsensor.o
 .group         0x00000000        0x8 src/IRsensor.o
 .group         0x00000000        0x8 src/IRsensor.o
 .group         0x00000000        0x8 src/IRsensor.o
 .group         0x00000000        0x8 src/IRsensor.o
 .group         0x00000000        0x8 src/IRsensor.o
 .text          0x00000000        0x0 src/IRsensor.o
 .data          0x00000000        0x0 src/IRsensor.o
 .bss           0x00000000        0x0 src/IRsensor.o
 .group         0x00000000        0x8 src/MotorControls.o
 .group         0x00000000        0x8 src/MotorControls.o
 .group         0x00000000        0x8 src/MotorControls.o
 .group         0x00000000        0x8 src/MotorControls.o
 .group         0x00000000        0x8 src/MotorControls.o
 .group         0x00000000        0x8 src/MotorControls.o
 .group         0x00000000        0x8 src/MotorControls.o
 .group         0x00000000        0x8 src/MotorControls.o
 .group         0x00000000        0x8 src/MotorControls.o
 .group         0x00000000        0x8 src/MotorControls.o
 .group         0x00000000        0x8 src/MotorControls.o
 .group         0x00000000        0x8 src/MotorControls.o
 .group         0x00000000        0x8 src/MotorControls.o
 .group         0x00000000        0x8 src/MotorControls.o
 .group         0x00000000        0x8 src/MotorControls.o
 .group         0x00000000        0x8 src/MotorControls.o
 .group         0x00000000        0x8 src/MotorControls.o
 .group         0x00000000        0x8 src/MotorControls.o
 .group         0x00000000        0x8 src/MotorControls.o
 .group         0x00000000        0x8 src/MotorControls.o
 .group         0x00000000        0x8 src/MotorControls.o
 .group         0x00000000        0x8 src/MotorControls.o
 .group         0x00000000        0x8 src/MotorControls.o
 .group         0x00000000        0x8 src/MotorControls.o
 .group         0x00000000        0x8 src/MotorControls.o
 .group         0x00000000        0x8 src/MotorControls.o
 .group         0x00000000        0x8 src/MotorControls.o
 .group         0x00000000        0x8 src/MotorControls.o
 .group         0x00000000        0x8 src/MotorControls.o
 .group         0x00000000        0x8 src/MotorControls.o
 .group         0x00000000        0x8 src/MotorControls.o
 .group         0x00000000        0x8 src/MotorControls.o
 .text          0x00000000        0x0 src/MotorControls.o
 .data          0x00000000        0x0 src/MotorControls.o
 .bss           0x00000000        0x0 src/MotorControls.o
 .text.goBackwards
                0x00000000        0x6 src/MotorControls.o
 .text.onlyLeftForwards
                0x00000000        0x6 src/MotorControls.o
 .text.onlyRightForwards
                0x00000000        0x6 src/MotorControls.o
 .text.onlyLeftBackwards
                0x00000000        0x6 src/MotorControls.o
 .text.onlyRightBackwards
                0x00000000        0x6 src/MotorControls.o
 .text.differentSpeeds
                0x00000000       0xca src/MotorControls.o
 .text.RadiusTurn
                0x00000000      0x1e4 src/MotorControls.o
 .text.leftForwardsRightBack
                0x00000000        0x6 src/MotorControls.o
 .text.rightForwardsLeftBack
                0x00000000        0x6 src/MotorControls.o
 .text.findSpeed
                0x00000000       0x1a src/MotorControls.o
 .text.goStraightDistance
                0x00000000       0xb8 src/MotorControls.o
 .text.driveStraight
                0x00000000       0x66 src/MotorControls.o
 .text.test4    0x00000000       0x7a src/MotorControls.o
 .debug_macro   0x00000000      0xa7e src/MotorControls.o
 .debug_macro   0x00000000      0x1c9 src/MotorControls.o
 .debug_macro   0x00000000      0x2fc src/MotorControls.o
 .debug_macro   0x00000000       0x58 src/MotorControls.o
 .debug_macro   0x00000000       0x10 src/MotorControls.o
 .debug_macro   0x00000000       0xf2 src/MotorControls.o
 .debug_macro   0x00000000     0x1ecb src/MotorControls.o
 .debug_macro   0x00000000      0x100 src/MotorControls.o
 .debug_macro   0x00000000      0x2ea src/MotorControls.o
 .debug_macro   0x00000000       0xd9 src/MotorControls.o
 .debug_macro   0x00000000       0x34 src/MotorControls.o
 .debug_macro   0x00000000       0x18 src/MotorControls.o
 .debug_macro   0x00000000       0x6c src/MotorControls.o
 .debug_macro   0x00000000       0x22 src/MotorControls.o
 .debug_macro   0x00000000       0x1c src/MotorControls.o
 .debug_macro   0x00000000       0x35 src/MotorControls.o
 .debug_macro   0x00000000      0x6d7 src/MotorControls.o
 .debug_macro   0x00000000       0x43 src/MotorControls.o
 .debug_macro   0x00000000       0x69 src/MotorControls.o
 .debug_macro   0x00000000       0x2b src/MotorControls.o
 .debug_macro   0x00000000       0x10 src/MotorControls.o
 .debug_macro   0x00000000      0x175 src/MotorControls.o
 .debug_macro   0x00000000       0x40 src/MotorControls.o
 .debug_macro   0x00000000      0x100 src/MotorControls.o
 .debug_macro   0x00000000       0x10 src/MotorControls.o
 .debug_macro   0x00000000       0xff src/MotorControls.o
 .group         0x00000000        0x8 src/RotaryEncoder.o
 .group         0x00000000        0x8 src/RotaryEncoder.o
 .group         0x00000000        0x8 src/RotaryEncoder.o
 .group         0x00000000        0x8 src/RotaryEncoder.o
 .group         0x00000000        0x8 src/RotaryEncoder.o
 .group         0x00000000        0x8 src/RotaryEncoder.o
 .group         0x00000000        0x8 src/RotaryEncoder.o
 .group         0x00000000        0x8 src/RotaryEncoder.o
 .group         0x00000000        0x8 src/RotaryEncoder.o
 .group         0x00000000        0x8 src/RotaryEncoder.o
 .group         0x00000000        0x8 src/RotaryEncoder.o
 .group         0x00000000        0x8 src/RotaryEncoder.o
 .group         0x00000000        0x8 src/RotaryEncoder.o
 .group         0x00000000        0x8 src/RotaryEncoder.o
 .group         0x00000000        0x8 src/RotaryEncoder.o
 .group         0x00000000        0x8 src/RotaryEncoder.o
 .group         0x00000000        0x8 src/RotaryEncoder.o
 .group         0x00000000        0x8 src/RotaryEncoder.o
 .group         0x00000000        0x8 src/RotaryEncoder.o
 .group         0x00000000        0x8 src/RotaryEncoder.o
 .group         0x00000000        0x8 src/RotaryEncoder.o
 .group         0x00000000        0x8 src/RotaryEncoder.o
 .group         0x00000000        0x8 src/RotaryEncoder.o
 .group         0x00000000        0x8 src/RotaryEncoder.o
 .group         0x00000000        0x8 src/RotaryEncoder.o
 .group         0x00000000        0x8 src/RotaryEncoder.o
 .group         0x00000000        0x8 src/RotaryEncoder.o
 .group         0x00000000        0x8 src/RotaryEncoder.o
 .group         0x00000000        0x8 src/RotaryEncoder.o
 .group         0x00000000        0x8 src/RotaryEncoder.o
 .group         0x00000000        0x8 src/RotaryEncoder.o
 .group         0x00000000        0x8 src/RotaryEncoder.o
 .text          0x00000000        0x0 src/RotaryEncoder.o
 .data          0x00000000        0x0 src/RotaryEncoder.o
 .bss           0x00000000        0x0 src/RotaryEncoder.o
 .debug_macro   0x00000000      0xa7e src/RotaryEncoder.o
 .debug_macro   0x00000000       0x22 src/RotaryEncoder.o
 .debug_macro   0x00000000      0x1c9 src/RotaryEncoder.o
 .debug_macro   0x00000000      0x2fc src/RotaryEncoder.o
 .debug_macro   0x00000000       0x58 src/RotaryEncoder.o
 .debug_macro   0x00000000       0x10 src/RotaryEncoder.o
 .debug_macro   0x00000000       0x97 src/RotaryEncoder.o
 .debug_macro   0x00000000       0xf2 src/RotaryEncoder.o
 .debug_macro   0x00000000       0xaa src/RotaryEncoder.o
 .debug_macro   0x00000000     0x1ecb src/RotaryEncoder.o
 .debug_macro   0x00000000      0x100 src/RotaryEncoder.o
 .debug_macro   0x00000000      0x2ea src/RotaryEncoder.o
 .debug_macro   0x00000000       0xd9 src/RotaryEncoder.o
 .debug_macro   0x00000000       0x34 src/RotaryEncoder.o
 .debug_macro   0x00000000       0x18 src/RotaryEncoder.o
 .debug_macro   0x00000000       0x6c src/RotaryEncoder.o
 .debug_macro   0x00000000       0xf6 src/RotaryEncoder.o
 .debug_macro   0x00000000       0x1c src/RotaryEncoder.o
 .debug_macro   0x00000000       0x35 src/RotaryEncoder.o
 .debug_macro   0x00000000       0x66 src/RotaryEncoder.o
 .debug_macro   0x00000000      0x6d7 src/RotaryEncoder.o
 .debug_macro   0x00000000       0x43 src/RotaryEncoder.o
 .debug_macro   0x00000000       0x69 src/RotaryEncoder.o
 .debug_macro   0x00000000       0x2b src/RotaryEncoder.o
 .debug_macro   0x00000000       0x10 src/RotaryEncoder.o
 .debug_macro   0x00000000      0x175 src/RotaryEncoder.o
 .debug_macro   0x00000000       0x40 src/RotaryEncoder.o
 .debug_macro   0x00000000      0x100 src/RotaryEncoder.o
 .debug_macro   0x00000000      0x2bd src/RotaryEncoder.o
 .debug_macro   0x00000000       0x10 src/RotaryEncoder.o
 .debug_macro   0x00000000      0x160 src/RotaryEncoder.o
 .debug_macro   0x00000000       0xff src/RotaryEncoder.o
 .group         0x00000000        0x8 src/UltrasonicObservers.o
 .group         0x00000000        0x8 src/UltrasonicObservers.o
 .group         0x00000000        0x8 src/UltrasonicObservers.o
 .group         0x00000000        0x8 src/UltrasonicObservers.o
 .group         0x00000000        0x8 src/UltrasonicObservers.o
 .group         0x00000000        0x8 src/UltrasonicObservers.o
 .group         0x00000000        0x8 src/UltrasonicObservers.o
 .group         0x00000000        0x8 src/UltrasonicObservers.o
 .group         0x00000000        0x8 src/UltrasonicObservers.o
 .group         0x00000000        0x8 src/UltrasonicObservers.o
 .group         0x00000000        0x8 src/UltrasonicObservers.o
 .group         0x00000000        0x8 src/UltrasonicObservers.o
 .group         0x00000000        0x8 src/UltrasonicObservers.o
 .group         0x00000000        0x8 src/UltrasonicObservers.o
 .group         0x00000000        0x8 src/UltrasonicObservers.o
 .group         0x00000000        0x8 src/UltrasonicObservers.o
 .group         0x00000000        0x8 src/UltrasonicObservers.o
 .group         0x00000000        0x8 src/UltrasonicObservers.o
 .group         0x00000000        0x8 src/UltrasonicObservers.o
 .group         0x00000000        0x8 src/UltrasonicObservers.o
 .group         0x00000000        0x8 src/UltrasonicObservers.o
 .group         0x00000000        0x8 src/UltrasonicObservers.o
 .group         0x00000000        0x8 src/UltrasonicObservers.o
 .group         0x00000000        0x8 src/UltrasonicObservers.o
 .group         0x00000000        0x8 src/UltrasonicObservers.o
 .group         0x00000000        0x8 src/UltrasonicObservers.o
 .group         0x00000000        0x8 src/UltrasonicObservers.o
 .group         0x00000000        0x8 src/UltrasonicObservers.o
 .group         0x00000000        0x8 src/UltrasonicObservers.o
 .group         0x00000000        0x8 src/UltrasonicObservers.o
 .group         0x00000000        0x8 src/UltrasonicObservers.o
 .group         0x00000000        0x8 src/UltrasonicObservers.o
 .text          0x00000000        0x0 src/UltrasonicObservers.o
 .data          0x00000000        0x0 src/UltrasonicObservers.o
 .bss           0x00000000        0x0 src/UltrasonicObservers.o
 .text.getDistanceRight
                0x00000000       0x12 src/UltrasonicObservers.o
 .text.getDistanceLeft
                0x00000000       0x12 src/UltrasonicObservers.o
 .text.ultraSonicObservers
                0x00000000       0x42 src/UltrasonicObservers.o
 .debug_macro   0x00000000      0xa7e src/UltrasonicObservers.o
 .debug_macro   0x00000000      0x1c9 src/UltrasonicObservers.o
 .debug_macro   0x00000000      0x2fc src/UltrasonicObservers.o
 .debug_macro   0x00000000       0x58 src/UltrasonicObservers.o
 .debug_macro   0x00000000       0x10 src/UltrasonicObservers.o
 .debug_macro   0x00000000       0x97 src/UltrasonicObservers.o
 .debug_macro   0x00000000       0xf2 src/UltrasonicObservers.o
 .debug_macro   0x00000000       0xaa src/UltrasonicObservers.o
 .debug_macro   0x00000000     0x1ecb src/UltrasonicObservers.o
 .debug_macro   0x00000000      0x100 src/UltrasonicObservers.o
 .debug_macro   0x00000000      0x2ea src/UltrasonicObservers.o
 .debug_macro   0x00000000       0xd9 src/UltrasonicObservers.o
 .debug_macro   0x00000000       0x34 src/UltrasonicObservers.o
 .debug_macro   0x00000000       0x18 src/UltrasonicObservers.o
 .debug_macro   0x00000000       0x6c src/UltrasonicObservers.o
 .debug_macro   0x00000000       0x22 src/UltrasonicObservers.o
 .debug_macro   0x00000000       0xf6 src/UltrasonicObservers.o
 .debug_macro   0x00000000       0x1c src/UltrasonicObservers.o
 .debug_macro   0x00000000       0x35 src/UltrasonicObservers.o
 .debug_macro   0x00000000       0x66 src/UltrasonicObservers.o
 .debug_macro   0x00000000      0x6d7 src/UltrasonicObservers.o
 .debug_macro   0x00000000       0x43 src/UltrasonicObservers.o
 .debug_macro   0x00000000       0x69 src/UltrasonicObservers.o
 .debug_macro   0x00000000       0x2b src/UltrasonicObservers.o
 .debug_macro   0x00000000       0x10 src/UltrasonicObservers.o
 .debug_macro   0x00000000      0x175 src/UltrasonicObservers.o
 .debug_macro   0x00000000       0x40 src/UltrasonicObservers.o
 .debug_macro   0x00000000      0x100 src/UltrasonicObservers.o
 .debug_macro   0x00000000      0x2bd src/UltrasonicObservers.o
 .debug_macro   0x00000000       0xff src/UltrasonicObservers.o
 .debug_macro   0x00000000       0x10 src/UltrasonicObservers.o
 .debug_macro   0x00000000      0x160 src/UltrasonicObservers.o
 .group         0x00000000        0x8 src/ASF/mega/boards/stk600/rcx_x/init.o
 .group         0x00000000        0x8 src/ASF/mega/boards/stk600/rcx_x/init.o
 .group         0x00000000        0x8 src/ASF/mega/boards/stk600/rcx_x/init.o
 .group         0x00000000        0x8 src/ASF/mega/boards/stk600/rcx_x/init.o
 .group         0x00000000        0x8 src/ASF/mega/boards/stk600/rcx_x/init.o
 .group         0x00000000        0x8 src/ASF/mega/boards/stk600/rcx_x/init.o
 .group         0x00000000        0x8 src/ASF/mega/boards/stk600/rcx_x/init.o
 .group         0x00000000        0x8 src/ASF/mega/boards/stk600/rcx_x/init.o
 .group         0x00000000        0x8 src/ASF/mega/boards/stk600/rcx_x/init.o
 .group         0x00000000        0x8 src/ASF/mega/boards/stk600/rcx_x/init.o
 .group         0x00000000        0x8 src/ASF/mega/boards/stk600/rcx_x/init.o
 .group         0x00000000        0x8 src/ASF/mega/boards/stk600/rcx_x/init.o
 .group         0x00000000        0x8 src/ASF/mega/boards/stk600/rcx_x/init.o
 .group         0x00000000        0x8 src/ASF/mega/boards/stk600/rcx_x/init.o
 .group         0x00000000        0x8 src/ASF/mega/boards/stk600/rcx_x/init.o
 .group         0x00000000        0x8 src/ASF/mega/boards/stk600/rcx_x/init.o
 .group         0x00000000        0x8 src/ASF/mega/boards/stk600/rcx_x/init.o
 .group         0x00000000        0x8 src/ASF/mega/boards/stk600/rcx_x/init.o
 .group         0x00000000        0x8 src/ASF/mega/boards/stk600/rcx_x/init.o
 .group         0x00000000        0x8 src/ASF/mega/boards/stk600/rcx_x/init.o
 .group         0x00000000        0x8 src/ASF/mega/boards/stk600/rcx_x/init.o
 .group         0x00000000        0x8 src/ASF/mega/boards/stk600/rcx_x/init.o
 .group         0x00000000        0x8 src/ASF/mega/boards/stk600/rcx_x/init.o
 .group         0x00000000        0x8 src/ASF/mega/boards/stk600/rcx_x/init.o
 .group         0x00000000        0x8 src/ASF/mega/boards/stk600/rcx_x/init.o
 .group         0x00000000        0x8 src/ASF/mega/boards/stk600/rcx_x/init.o
 .text          0x00000000        0x0 src/ASF/mega/boards/stk600/rcx_x/init.o
 .data          0x00000000        0x0 src/ASF/mega/boards/stk600/rcx_x/init.o
 .bss           0x00000000        0x0 src/ASF/mega/boards/stk600/rcx_x/init.o
 .text.board_init
                0x00000000        0x2 src/ASF/mega/boards/stk600/rcx_x/init.o
 .debug_info    0x00000000       0x7c src/ASF/mega/boards/stk600/rcx_x/init.o
 .debug_abbrev  0x00000000       0x47 src/ASF/mega/boards/stk600/rcx_x/init.o
 .debug_aranges
                0x00000000       0x20 src/ASF/mega/boards/stk600/rcx_x/init.o
 .debug_ranges  0x00000000       0x10 src/ASF/mega/boards/stk600/rcx_x/init.o
 .debug_macro   0x00000000      0x143 src/ASF/mega/boards/stk600/rcx_x/init.o
 .debug_macro   0x00000000      0xa7e src/ASF/mega/boards/stk600/rcx_x/init.o
 .debug_macro   0x00000000       0x10 src/ASF/mega/boards/stk600/rcx_x/init.o
 .debug_macro   0x00000000      0x1c9 src/ASF/mega/boards/stk600/rcx_x/init.o
 .debug_macro   0x00000000      0x2fc src/ASF/mega/boards/stk600/rcx_x/init.o
 .debug_macro   0x00000000       0x9e src/ASF/mega/boards/stk600/rcx_x/init.o
 .debug_macro   0x00000000     0x1ecb src/ASF/mega/boards/stk600/rcx_x/init.o
 .debug_macro   0x00000000      0x100 src/ASF/mega/boards/stk600/rcx_x/init.o
 .debug_macro   0x00000000      0x2ea src/ASF/mega/boards/stk600/rcx_x/init.o
 .debug_macro   0x00000000       0xd9 src/ASF/mega/boards/stk600/rcx_x/init.o
 .debug_macro   0x00000000       0x34 src/ASF/mega/boards/stk600/rcx_x/init.o
 .debug_macro   0x00000000       0x18 src/ASF/mega/boards/stk600/rcx_x/init.o
 .debug_macro   0x00000000       0x6c src/ASF/mega/boards/stk600/rcx_x/init.o
 .debug_macro   0x00000000       0x22 src/ASF/mega/boards/stk600/rcx_x/init.o
 .debug_macro   0x00000000      0x16d src/ASF/mega/boards/stk600/rcx_x/init.o
 .debug_macro   0x00000000       0x1c src/ASF/mega/boards/stk600/rcx_x/init.o
 .debug_macro   0x00000000       0x35 src/ASF/mega/boards/stk600/rcx_x/init.o
 .debug_macro   0x00000000       0x66 src/ASF/mega/boards/stk600/rcx_x/init.o
 .debug_macro   0x00000000      0x6d7 src/ASF/mega/boards/stk600/rcx_x/init.o
 .debug_macro   0x00000000       0x43 src/ASF/mega/boards/stk600/rcx_x/init.o
 .debug_macro   0x00000000       0x69 src/ASF/mega/boards/stk600/rcx_x/init.o
 .debug_macro   0x00000000       0x2b src/ASF/mega/boards/stk600/rcx_x/init.o
 .debug_macro   0x00000000       0x10 src/ASF/mega/boards/stk600/rcx_x/init.o
 .debug_macro   0x00000000      0x175 src/ASF/mega/boards/stk600/rcx_x/init.o
 .debug_macro   0x00000000       0x40 src/ASF/mega/boards/stk600/rcx_x/init.o
 .debug_macro   0x00000000      0x100 src/ASF/mega/boards/stk600/rcx_x/init.o
 .debug_macro   0x00000000      0x2bd src/ASF/mega/boards/stk600/rcx_x/init.o
 .debug_line    0x00000000      0x36e src/ASF/mega/boards/stk600/rcx_x/init.o
 .debug_str     0x00000000    0x13347 src/ASF/mega/boards/stk600/rcx_x/init.o
 .comment       0x00000000       0x31 src/ASF/mega/boards/stk600/rcx_x/init.o
 .debug_frame   0x00000000       0x24 src/ASF/mega/boards/stk600/rcx_x/init.o
 .group         0x00000000        0x8 src/main.o
 .group         0x00000000        0x8 src/main.o
 .group         0x00000000        0x8 src/main.o
 .group         0x00000000        0x8 src/main.o
 .group         0x00000000        0x8 src/main.o
 .group         0x00000000        0x8 src/main.o
 .group         0x00000000        0x8 src/main.o
 .group         0x00000000        0x8 src/main.o
 .group         0x00000000        0x8 src/main.o
 .group         0x00000000        0x8 src/main.o
 .group         0x00000000        0x8 src/main.o
 .group         0x00000000        0x8 src/main.o
 .group         0x00000000        0x8 src/main.o
 .group         0x00000000        0x8 src/main.o
 .group         0x00000000        0x8 src/main.o
 .group         0x00000000        0x8 src/main.o
 .group         0x00000000        0x8 src/main.o
 .group         0x00000000        0x8 src/main.o
 .group         0x00000000        0x8 src/main.o
 .group         0x00000000        0x8 src/main.o
 .group         0x00000000        0x8 src/main.o
 .group         0x00000000        0x8 src/main.o
 .group         0x00000000        0x8 src/main.o
 .group         0x00000000        0x8 src/main.o
 .group         0x00000000        0x8 src/main.o
 .group         0x00000000        0x8 src/main.o
 .group         0x00000000        0x8 src/main.o
 .group         0x00000000        0x8 src/main.o
 .group         0x00000000        0x8 src/main.o
 .group         0x00000000        0x8 src/main.o
 .group         0x00000000        0x8 src/main.o
 .group         0x00000000        0x8 src/main.o
 .text          0x00000000        0x0 src/main.o
 .data          0x00000000        0x0 src/main.o
 .bss           0x00000000        0x0 src/main.o
 .debug_macro   0x00000000      0xa7e src/main.o
 .debug_macro   0x00000000       0x10 src/main.o
 .debug_macro   0x00000000      0x1c9 src/main.o
 .debug_macro   0x00000000      0x2fc src/main.o
 .debug_macro   0x00000000       0x9e src/main.o
 .debug_macro   0x00000000     0x1ecb src/main.o
 .debug_macro   0x00000000      0x100 src/main.o
 .debug_macro   0x00000000      0x2ea src/main.o
 .debug_macro   0x00000000       0xd9 src/main.o
 .debug_macro   0x00000000       0x34 src/main.o
 .debug_macro   0x00000000       0x18 src/main.o
 .debug_macro   0x00000000       0x6c src/main.o
 .debug_macro   0x00000000       0x22 src/main.o
 .debug_macro   0x00000000      0x16d src/main.o
 .debug_macro   0x00000000       0x1c src/main.o
 .debug_macro   0x00000000       0x35 src/main.o
 .debug_macro   0x00000000       0x66 src/main.o
 .debug_macro   0x00000000      0x6d7 src/main.o
 .debug_macro   0x00000000       0x43 src/main.o
 .debug_macro   0x00000000       0x69 src/main.o
 .debug_macro   0x00000000       0x2b src/main.o
 .debug_macro   0x00000000       0x10 src/main.o
 .debug_macro   0x00000000      0x175 src/main.o
 .debug_macro   0x00000000       0x40 src/main.o
 .debug_macro   0x00000000      0x100 src/main.o
 .debug_macro   0x00000000      0x2bd src/main.o
 .debug_macro   0x00000000       0x10 src/main.o
 .debug_macro   0x00000000      0x160 src/main.o
 .debug_macro   0x00000000       0x58 src/main.o
 .debug_macro   0x00000000       0x10 src/main.o
 .debug_macro   0x00000000       0xf2 src/main.o
 .debug_macro   0x00000000       0xff src/main.o
 .text          0x00000000        0x0 c:/program files (x86)/atmel/studio/7.0/toolchain/avr8/avr8-gnu-toolchain/bin/../lib/gcc/avr/5.4.0/../../../../avr/lib/avr6\libm.a(addsf3.o)
 .data          0x00000000        0x0 c:/program files (x86)/atmel/studio/7.0/toolchain/avr8/avr8-gnu-toolchain/bin/../lib/gcc/avr/5.4.0/../../../../avr/lib/avr6\libm.a(addsf3.o)
 .bss           0x00000000        0x0 c:/program files (x86)/atmel/studio/7.0/toolchain/avr8/avr8-gnu-toolchain/bin/../lib/gcc/avr/5.4.0/../../../../avr/lib/avr6\libm.a(addsf3.o)
 .text          0x00000000        0x0 c:/program files (x86)/atmel/studio/7.0/toolchain/avr8/avr8-gnu-toolchain/bin/../lib/gcc/avr/5.4.0/../../../../avr/lib/avr6\libm.a(addsf3x.o)
 .data          0x00000000        0x0 c:/program files (x86)/atmel/studio/7.0/toolchain/avr8/avr8-gnu-toolchain/bin/../lib/gcc/avr/5.4.0/../../../../avr/lib/avr6\libm.a(addsf3x.o)
 .bss           0x00000000        0x0 c:/program files (x86)/atmel/studio/7.0/toolchain/avr8/avr8-gnu-toolchain/bin/../lib/gcc/avr/5.4.0/../../../../avr/lib/avr6\libm.a(addsf3x.o)
 .text          0x00000000        0x0 c:/program files (x86)/atmel/studio/7.0/toolchain/avr8/avr8-gnu-toolchain/bin/../lib/gcc/avr/5.4.0/../../../../avr/lib/avr6\libm.a(cmpsf2.o)
 .data          0x00000000        0x0 c:/program files (x86)/atmel/studio/7.0/toolchain/avr8/avr8-gnu-toolchain/bin/../lib/gcc/avr/5.4.0/../../../../avr/lib/avr6\libm.a(cmpsf2.o)
 .bss           0x00000000        0x0 c:/program files (x86)/atmel/studio/7.0/toolchain/avr8/avr8-gnu-toolchain/bin/../lib/gcc/avr/5.4.0/../../../../avr/lib/avr6\libm.a(cmpsf2.o)
 .text.avr-libc.fplib
                0x00000000        0xa c:/program files (x86)/atmel/studio/7.0/toolchain/avr8/avr8-gnu-toolchain/bin/../lib/gcc/avr/5.4.0/../../../../avr/lib/avr6\libm.a(cmpsf2.o)
 .text          0x00000000        0x0 c:/program files (x86)/atmel/studio/7.0/toolchain/avr8/avr8-gnu-toolchain/bin/../lib/gcc/avr/5.4.0/../../../../avr/lib/avr6\libm.a(divsf3.o)
 .data          0x00000000        0x0 c:/program files (x86)/atmel/studio/7.0/toolchain/avr8/avr8-gnu-toolchain/bin/../lib/gcc/avr/5.4.0/../../../../avr/lib/avr6\libm.a(divsf3.o)
 .bss           0x00000000        0x0 c:/program files (x86)/atmel/studio/7.0/toolchain/avr8/avr8-gnu-toolchain/bin/../lib/gcc/avr/5.4.0/../../../../avr/lib/avr6\libm.a(divsf3.o)
 .text          0x00000000        0x0 c:/program files (x86)/atmel/studio/7.0/toolchain/avr8/avr8-gnu-toolchain/bin/../lib/gcc/avr/5.4.0/../../../../avr/lib/avr6\libm.a(divsf3x.o)
 .data          0x00000000        0x0 c:/program files (x86)/atmel/studio/7.0/toolchain/avr8/avr8-gnu-toolchain/bin/../lib/gcc/avr/5.4.0/../../../../avr/lib/avr6\libm.a(divsf3x.o)
 .bss           0x00000000        0x0 c:/program files (x86)/atmel/studio/7.0/toolchain/avr8/avr8-gnu-toolchain/bin/../lib/gcc/avr/5.4.0/../../../../avr/lib/avr6\libm.a(divsf3x.o)
 .text          0x00000000        0x0 c:/program files (x86)/atmel/studio/7.0/toolchain/avr8/avr8-gnu-toolchain/bin/../lib/gcc/avr/5.4.0/../../../../avr/lib/avr6\libm.a(fixsfsi.o)
 .data          0x00000000        0x0 c:/program files (x86)/atmel/studio/7.0/toolchain/avr8/avr8-gnu-toolchain/bin/../lib/gcc/avr/5.4.0/../../../../avr/lib/avr6\libm.a(fixsfsi.o)
 .bss           0x00000000        0x0 c:/program files (x86)/atmel/studio/7.0/toolchain/avr8/avr8-gnu-toolchain/bin/../lib/gcc/avr/5.4.0/../../../../avr/lib/avr6\libm.a(fixsfsi.o)
 .text          0x00000000        0x0 c:/program files (x86)/atmel/studio/7.0/toolchain/avr8/avr8-gnu-toolchain/bin/../lib/gcc/avr/5.4.0/../../../../avr/lib/avr6\libm.a(fixunssfsi.o)
 .data          0x00000000        0x0 c:/program files (x86)/atmel/studio/7.0/toolchain/avr8/avr8-gnu-toolchain/bin/../lib/gcc/avr/5.4.0/../../../../avr/lib/avr6\libm.a(fixunssfsi.o)
 .bss           0x00000000        0x0 c:/program files (x86)/atmel/studio/7.0/toolchain/avr8/avr8-gnu-toolchain/bin/../lib/gcc/avr/5.4.0/../../../../avr/lib/avr6\libm.a(fixunssfsi.o)
 .text          0x00000000        0x0 c:/program files (x86)/atmel/studio/7.0/toolchain/avr8/avr8-gnu-toolchain/bin/../lib/gcc/avr/5.4.0/../../../../avr/lib/avr6\libm.a(floatsisf.o)
 .data          0x00000000        0x0 c:/program files (x86)/atmel/studio/7.0/toolchain/avr8/avr8-gnu-toolchain/bin/../lib/gcc/avr/5.4.0/../../../../avr/lib/avr6\libm.a(floatsisf.o)
 .bss           0x00000000        0x0 c:/program files (x86)/atmel/studio/7.0/toolchain/avr8/avr8-gnu-toolchain/bin/../lib/gcc/avr/5.4.0/../../../../avr/lib/avr6\libm.a(floatsisf.o)
 .text          0x00000000        0x0 c:/program files (x86)/atmel/studio/7.0/toolchain/avr8/avr8-gnu-toolchain/bin/../lib/gcc/avr/5.4.0/../../../../avr/lib/avr6\libm.a(fp_cmp.o)
 .data          0x00000000        0x0 c:/program files (x86)/atmel/studio/7.0/toolchain/avr8/avr8-gnu-toolchain/bin/../lib/gcc/avr/5.4.0/../../../../avr/lib/avr6\libm.a(fp_cmp.o)
 .bss           0x00000000        0x0 c:/program files (x86)/atmel/studio/7.0/toolchain/avr8/avr8-gnu-toolchain/bin/../lib/gcc/avr/5.4.0/../../../../avr/lib/avr6\libm.a(fp_cmp.o)
 .text.avr-libc.fplib
                0x00000000       0x48 c:/program files (x86)/atmel/studio/7.0/toolchain/avr8/avr8-gnu-toolchain/bin/../lib/gcc/avr/5.4.0/../../../../avr/lib/avr6\libm.a(fp_cmp.o)
 .text          0x00000000        0x0 c:/program files (x86)/atmel/studio/7.0/toolchain/avr8/avr8-gnu-toolchain/bin/../lib/gcc/avr/5.4.0/../../../../avr/lib/avr6\libm.a(fp_inf.o)
 .data          0x00000000        0x0 c:/program files (x86)/atmel/studio/7.0/toolchain/avr8/avr8-gnu-toolchain/bin/../lib/gcc/avr/5.4.0/../../../../avr/lib/avr6\libm.a(fp_inf.o)
 .bss           0x00000000        0x0 c:/program files (x86)/atmel/studio/7.0/toolchain/avr8/avr8-gnu-toolchain/bin/../lib/gcc/avr/5.4.0/../../../../avr/lib/avr6\libm.a(fp_inf.o)
 .text          0x00000000        0x0 c:/program files (x86)/atmel/studio/7.0/toolchain/avr8/avr8-gnu-toolchain/bin/../lib/gcc/avr/5.4.0/../../../../avr/lib/avr6\libm.a(fp_nan.o)
 .data          0x00000000        0x0 c:/program files (x86)/atmel/studio/7.0/toolchain/avr8/avr8-gnu-toolchain/bin/../lib/gcc/avr/5.4.0/../../../../avr/lib/avr6\libm.a(fp_nan.o)
 .bss           0x00000000        0x0 c:/program files (x86)/atmel/studio/7.0/toolchain/avr8/avr8-gnu-toolchain/bin/../lib/gcc/avr/5.4.0/../../../../avr/lib/avr6\libm.a(fp_nan.o)
 .text          0x00000000        0x0 c:/program files (x86)/atmel/studio/7.0/toolchain/avr8/avr8-gnu-toolchain/bin/../lib/gcc/avr/5.4.0/../../../../avr/lib/avr6\libm.a(fp_pscA.o)
 .data          0x00000000        0x0 c:/program files (x86)/atmel/studio/7.0/toolchain/avr8/avr8-gnu-toolchain/bin/../lib/gcc/avr/5.4.0/../../../../avr/lib/avr6\libm.a(fp_pscA.o)
 .bss           0x00000000        0x0 c:/program files (x86)/atmel/studio/7.0/toolchain/avr8/avr8-gnu-toolchain/bin/../lib/gcc/avr/5.4.0/../../../../avr/lib/avr6\libm.a(fp_pscA.o)
 .text          0x00000000        0x0 c:/program files (x86)/atmel/studio/7.0/toolchain/avr8/avr8-gnu-toolchain/bin/../lib/gcc/avr/5.4.0/../../../../avr/lib/avr6\libm.a(fp_pscB.o)
 .data          0x00000000        0x0 c:/program files (x86)/atmel/studio/7.0/toolchain/avr8/avr8-gnu-toolchain/bin/../lib/gcc/avr/5.4.0/../../../../avr/lib/avr6\libm.a(fp_pscB.o)
 .bss           0x00000000        0x0 c:/program files (x86)/atmel/studio/7.0/toolchain/avr8/avr8-gnu-toolchain/bin/../lib/gcc/avr/5.4.0/../../../../avr/lib/avr6\libm.a(fp_pscB.o)
 .text          0x00000000        0x0 c:/program files (x86)/atmel/studio/7.0/toolchain/avr8/avr8-gnu-toolchain/bin/../lib/gcc/avr/5.4.0/../../../../avr/lib/avr6\libm.a(fp_round.o)
 .data          0x00000000        0x0 c:/program files (x86)/atmel/studio/7.0/toolchain/avr8/avr8-gnu-toolchain/bin/../lib/gcc/avr/5.4.0/../../../../avr/lib/avr6\libm.a(fp_round.o)
 .bss           0x00000000        0x0 c:/program files (x86)/atmel/studio/7.0/toolchain/avr8/avr8-gnu-toolchain/bin/../lib/gcc/avr/5.4.0/../../../../avr/lib/avr6\libm.a(fp_round.o)
 .text          0x00000000        0x0 c:/program files (x86)/atmel/studio/7.0/toolchain/avr8/avr8-gnu-toolchain/bin/../lib/gcc/avr/5.4.0/../../../../avr/lib/avr6\libm.a(fp_split3.o)
 .data          0x00000000        0x0 c:/program files (x86)/atmel/studio/7.0/toolchain/avr8/avr8-gnu-toolchain/bin/../lib/gcc/avr/5.4.0/../../../../avr/lib/avr6\libm.a(fp_split3.o)
 .bss           0x00000000        0x0 c:/program files (x86)/atmel/studio/7.0/toolchain/avr8/avr8-gnu-toolchain/bin/../lib/gcc/avr/5.4.0/../../../../avr/lib/avr6\libm.a(fp_split3.o)
 .text          0x00000000        0x0 c:/program files (x86)/atmel/studio/7.0/toolchain/avr8/avr8-gnu-toolchain/bin/../lib/gcc/avr/5.4.0/../../../../avr/lib/avr6\libm.a(fp_zero.o)
 .data          0x00000000        0x0 c:/program files (x86)/atmel/studio/7.0/toolchain/avr8/avr8-gnu-toolchain/bin/../lib/gcc/avr/5.4.0/../../../../avr/lib/avr6\libm.a(fp_zero.o)
 .bss           0x00000000        0x0 c:/program files (x86)/atmel/studio/7.0/toolchain/avr8/avr8-gnu-toolchain/bin/../lib/gcc/avr/5.4.0/../../../../avr/lib/avr6\libm.a(fp_zero.o)
 .text          0x00000000        0x0 c:/program files (x86)/atmel/studio/7.0/toolchain/avr8/avr8-gnu-toolchain/bin/../lib/gcc/avr/5.4.0/../../../../avr/lib/avr6\libm.a(mulsf3.o)
 .data          0x00000000        0x0 c:/program files (x86)/atmel/studio/7.0/toolchain/avr8/avr8-gnu-toolchain/bin/../lib/gcc/avr/5.4.0/../../../../avr/lib/avr6\libm.a(mulsf3.o)
 .bss           0x00000000        0x0 c:/program files (x86)/atmel/studio/7.0/toolchain/avr8/avr8-gnu-toolchain/bin/../lib/gcc/avr/5.4.0/../../../../avr/lib/avr6\libm.a(mulsf3.o)
 .text          0x00000000        0x0 c:/program files (x86)/atmel/studio/7.0/toolchain/avr8/avr8-gnu-toolchain/bin/../lib/gcc/avr/5.4.0/../../../../avr/lib/avr6\libm.a(mulsf3x.o)
 .data          0x00000000        0x0 c:/program files (x86)/atmel/studio/7.0/toolchain/avr8/avr8-gnu-toolchain/bin/../lib/gcc/avr/5.4.0/../../../../avr/lib/avr6\libm.a(mulsf3x.o)
 .bss           0x00000000        0x0 c:/program files (x86)/atmel/studio/7.0/toolchain/avr8/avr8-gnu-toolchain/bin/../lib/gcc/avr/5.4.0/../../../../avr/lib/avr6\libm.a(mulsf3x.o)
 .text          0x00000000        0x0 c:/program files (x86)/atmel/studio/7.0/toolchain/avr8/avr8-gnu-toolchain/bin/../lib/gcc/avr/5.4.0/avr6\libgcc.a(_divmodhi4.o)
 .data          0x00000000        0x0 c:/program files (x86)/atmel/studio/7.0/toolchain/avr8/avr8-gnu-toolchain/bin/../lib/gcc/avr/5.4.0/avr6\libgcc.a(_divmodhi4.o)
 .bss           0x00000000        0x0 c:/program files (x86)/atmel/studio/7.0/toolchain/avr8/avr8-gnu-toolchain/bin/../lib/gcc/avr/5.4.0/avr6\libgcc.a(_divmodhi4.o)
 .text.libgcc.mul
                0x00000000        0x0 c:/program files (x86)/atmel/studio/7.0/toolchain/avr8/avr8-gnu-toolchain/bin/../lib/gcc/avr/5.4.0/avr6\libgcc.a(_divmodhi4.o)
 .text.libgcc   0x00000000        0x0 c:/program files (x86)/atmel/studio/7.0/toolchain/avr8/avr8-gnu-toolchain/bin/../lib/gcc/avr/5.4.0/avr6\libgcc.a(_divmodhi4.o)
 .text.libgcc.prologue
                0x00000000        0x0 c:/program files (x86)/atmel/studio/7.0/toolchain/avr8/avr8-gnu-toolchain/bin/../lib/gcc/avr/5.4.0/avr6\libgcc.a(_divmodhi4.o)
 .text.libgcc.builtins
                0x00000000        0x0 c:/program files (x86)/atmel/studio/7.0/toolchain/avr8/avr8-gnu-toolchain/bin/../lib/gcc/avr/5.4.0/avr6\libgcc.a(_divmodhi4.o)
 .text.libgcc.fmul
                0x00000000        0x0 c:/program files (x86)/atmel/studio/7.0/toolchain/avr8/avr8-gnu-toolchain/bin/../lib/gcc/avr/5.4.0/avr6\libgcc.a(_divmodhi4.o)
 .text.libgcc.fixed
                0x00000000        0x0 c:/program files (x86)/atmel/studio/7.0/toolchain/avr8/avr8-gnu-toolchain/bin/../lib/gcc/avr/5.4.0/avr6\libgcc.a(_divmodhi4.o)
 .text          0x00000000        0x0 c:/program files (x86)/atmel/studio/7.0/toolchain/avr8/avr8-gnu-toolchain/bin/../lib/gcc/avr/5.4.0/avr6\libgcc.a(_exit.o)
 .data          0x00000000        0x0 c:/program files (x86)/atmel/studio/7.0/toolchain/avr8/avr8-gnu-toolchain/bin/../lib/gcc/avr/5.4.0/avr6\libgcc.a(_exit.o)
 .bss           0x00000000        0x0 c:/program files (x86)/atmel/studio/7.0/toolchain/avr8/avr8-gnu-toolchain/bin/../lib/gcc/avr/5.4.0/avr6\libgcc.a(_exit.o)
 .text.libgcc.mul
                0x00000000        0x0 c:/program files (x86)/atmel/studio/7.0/toolchain/avr8/avr8-gnu-toolchain/bin/../lib/gcc/avr/5.4.0/avr6\libgcc.a(_exit.o)
 .text.libgcc.div
                0x00000000        0x0 c:/program files (x86)/atmel/studio/7.0/toolchain/avr8/avr8-gnu-toolchain/bin/../lib/gcc/avr/5.4.0/avr6\libgcc.a(_exit.o)
 .text.libgcc   0x00000000        0x0 c:/program files (x86)/atmel/studio/7.0/toolchain/avr8/avr8-gnu-toolchain/bin/../lib/gcc/avr/5.4.0/avr6\libgcc.a(_exit.o)
 .text.libgcc.prologue
                0x00000000        0x0 c:/program files (x86)/atmel/studio/7.0/toolchain/avr8/avr8-gnu-toolchain/bin/../lib/gcc/avr/5.4.0/avr6\libgcc.a(_exit.o)
 .text.libgcc.builtins
                0x00000000        0x0 c:/program files (x86)/atmel/studio/7.0/toolchain/avr8/avr8-gnu-toolchain/bin/../lib/gcc/avr/5.4.0/avr6\libgcc.a(_exit.o)
 .text.libgcc.fmul
                0x00000000        0x0 c:/program files (x86)/atmel/studio/7.0/toolchain/avr8/avr8-gnu-toolchain/bin/../lib/gcc/avr/5.4.0/avr6\libgcc.a(_exit.o)
 .text.libgcc.fixed
                0x00000000        0x0 c:/program files (x86)/atmel/studio/7.0/toolchain/avr8/avr8-gnu-toolchain/bin/../lib/gcc/avr/5.4.0/avr6\libgcc.a(_exit.o)
 .text          0x00000000        0x0 c:/program files (x86)/atmel/studio/7.0/toolchain/avr8/avr8-gnu-toolchain/bin/../lib/gcc/avr/5.4.0/avr6\libgcc.a(_copy_data.o)
 .data          0x00000000        0x0 c:/program files (x86)/atmel/studio/7.0/toolchain/avr8/avr8-gnu-toolchain/bin/../lib/gcc/avr/5.4.0/avr6\libgcc.a(_copy_data.o)
 .bss           0x00000000        0x0 c:/program files (x86)/atmel/studio/7.0/toolchain/avr8/avr8-gnu-toolchain/bin/../lib/gcc/avr/5.4.0/avr6\libgcc.a(_copy_data.o)
 .text.libgcc.mul
                0x00000000        0x0 c:/program files (x86)/atmel/studio/7.0/toolchain/avr8/avr8-gnu-toolchain/bin/../lib/gcc/avr/5.4.0/avr6\libgcc.a(_copy_data.o)
 .text.libgcc.div
                0x00000000        0x0 c:/program files (x86)/atmel/studio/7.0/toolchain/avr8/avr8-gnu-toolchain/bin/../lib/gcc/avr/5.4.0/avr6\libgcc.a(_copy_data.o)
 .text.libgcc   0x00000000        0x0 c:/program files (x86)/atmel/studio/7.0/toolchain/avr8/avr8-gnu-toolchain/bin/../lib/gcc/avr/5.4.0/avr6\libgcc.a(_copy_data.o)
 .text.libgcc.prologue
                0x00000000        0x0 c:/program files (x86)/atmel/studio/7.0/toolchain/avr8/avr8-gnu-toolchain/bin/../lib/gcc/avr/5.4.0/avr6\libgcc.a(_copy_data.o)
 .text.libgcc.builtins
                0x00000000        0x0 c:/program files (x86)/atmel/studio/7.0/toolchain/avr8/avr8-gnu-toolchain/bin/../lib/gcc/avr/5.4.0/avr6\libgcc.a(_copy_data.o)
 .text.libgcc.fmul
                0x00000000        0x0 c:/program files (x86)/atmel/studio/7.0/toolchain/avr8/avr8-gnu-toolchain/bin/../lib/gcc/avr/5.4.0/avr6\libgcc.a(_copy_data.o)
 .text.libgcc.fixed
                0x00000000        0x0 c:/program files (x86)/atmel/studio/7.0/toolchain/avr8/avr8-gnu-toolchain/bin/../lib/gcc/avr/5.4.0/avr6\libgcc.a(_copy_data.o)
 .text          0x00000000        0x0 c:/program files (x86)/atmel/studio/7.0/toolchain/avr8/avr8-gnu-toolchain/bin/../lib/gcc/avr/5.4.0/avr6\libgcc.a(_clear_bss.o)
 .data          0x00000000        0x0 c:/program files (x86)/atmel/studio/7.0/toolchain/avr8/avr8-gnu-toolchain/bin/../lib/gcc/avr/5.4.0/avr6\libgcc.a(_clear_bss.o)
 .bss           0x00000000        0x0 c:/program files (x86)/atmel/studio/7.0/toolchain/avr8/avr8-gnu-toolchain/bin/../lib/gcc/avr/5.4.0/avr6\libgcc.a(_clear_bss.o)
 .text.libgcc.mul
                0x00000000        0x0 c:/program files (x86)/atmel/studio/7.0/toolchain/avr8/avr8-gnu-toolchain/bin/../lib/gcc/avr/5.4.0/avr6\libgcc.a(_clear_bss.o)
 .text.libgcc.div
                0x00000000        0x0 c:/program files (x86)/atmel/studio/7.0/toolchain/avr8/avr8-gnu-toolchain/bin/../lib/gcc/avr/5.4.0/avr6\libgcc.a(_clear_bss.o)
 .text.libgcc   0x00000000        0x0 c:/program files (x86)/atmel/studio/7.0/toolchain/avr8/avr8-gnu-toolchain/bin/../lib/gcc/avr/5.4.0/avr6\libgcc.a(_clear_bss.o)
 .text.libgcc.prologue
                0x00000000        0x0 c:/program files (x86)/atmel/studio/7.0/toolchain/avr8/avr8-gnu-toolchain/bin/../lib/gcc/avr/5.4.0/avr6\libgcc.a(_clear_bss.o)
 .text.libgcc.builtins
                0x00000000        0x0 c:/program files (x86)/atmel/studio/7.0/toolchain/avr8/avr8-gnu-toolchain/bin/../lib/gcc/avr/5.4.0/avr6\libgcc.a(_clear_bss.o)
 .text.libgcc.fmul
                0x00000000        0x0 c:/program files (x86)/atmel/studio/7.0/toolchain/avr8/avr8-gnu-toolchain/bin/../lib/gcc/avr/5.4.0/avr6\libgcc.a(_clear_bss.o)
 .text.libgcc.fixed
                0x00000000        0x0 c:/program files (x86)/atmel/studio/7.0/toolchain/avr8/avr8-gnu-toolchain/bin/../lib/gcc/avr/5.4.0/avr6\libgcc.a(_clear_bss.o)
 .text          0x00000000        0x0 c:/program files (x86)/atmel/studio/7.0/toolchain/avr8/avr8-gnu-toolchain/bin/../lib/gcc/avr/5.4.0/avr6\libgcc.a(_udivmodhi4.o)
 .data          0x00000000        0x0 c:/program files (x86)/atmel/studio/7.0/toolchain/avr8/avr8-gnu-toolchain/bin/../lib/gcc/avr/5.4.0/avr6\libgcc.a(_udivmodhi4.o)
 .bss           0x00000000        0x0 c:/program files (x86)/atmel/studio/7.0/toolchain/avr8/avr8-gnu-toolchain/bin/../lib/gcc/avr/5.4.0/avr6\libgcc.a(_udivmodhi4.o)
 .text.libgcc.mul
                0x00000000        0x0 c:/program files (x86)/atmel/studio/7.0/toolchain/avr8/avr8-gnu-toolchain/bin/../lib/gcc/avr/5.4.0/avr6\libgcc.a(_udivmodhi4.o)
 .text.libgcc   0x00000000        0x0 c:/program files (x86)/atmel/studio/7.0/toolchain/avr8/avr8-gnu-toolchain/bin/../lib/gcc/avr/5.4.0/avr6\libgcc.a(_udivmodhi4.o)
 .text.libgcc.prologue
                0x00000000        0x0 c:/program files (x86)/atmel/studio/7.0/toolchain/avr8/avr8-gnu-toolchain/bin/../lib/gcc/avr/5.4.0/avr6\libgcc.a(_udivmodhi4.o)
 .text.libgcc.builtins
                0x00000000        0x0 c:/program files (x86)/atmel/studio/7.0/toolchain/avr8/avr8-gnu-toolchain/bin/../lib/gcc/avr/5.4.0/avr6\libgcc.a(_udivmodhi4.o)
 .text.libgcc.fmul
                0x00000000        0x0 c:/program files (x86)/atmel/studio/7.0/toolchain/avr8/avr8-gnu-toolchain/bin/../lib/gcc/avr/5.4.0/avr6\libgcc.a(_udivmodhi4.o)
 .text.libgcc.fixed
                0x00000000        0x0 c:/program files (x86)/atmel/studio/7.0/toolchain/avr8/avr8-gnu-toolchain/bin/../lib/gcc/avr/5.4.0/avr6\libgcc.a(_udivmodhi4.o)

Memory Configuration

Name             Origin             Length             Attributes
text             0x00000000         0x00100000         xr
data             0x00800200         0x0000fe00         rw !x
eeprom           0x00810000         0x00010000         rw !x
fuse             0x00820000         0x00000003         rw !x
lock             0x00830000         0x00000400         rw !x
signature        0x00840000         0x00000400         rw !x
user_signatures  0x00850000         0x00000400         rw !x
*default*        0x00000000         0xffffffff

Linker script and memory map

Address of section .data set to 0x800200
LOAD C:/Program Files (x86)/Atmel/Studio/7.0/Packs/atmel/ATmega_DFP/1.2.209/gcc/dev/atmega2560/avr6/crtatmega2560.o
LOAD src/IRsensor.o
LOAD src/MotorControls.o
LOAD src/RotaryEncoder.o
LOAD src/UltrasonicObservers.o
LOAD src/ASF/mega/boards/stk600/rcx_x/init.o
LOAD src/main.o
START GROUP
LOAD c:/program files (x86)/atmel/studio/7.0/toolchain/avr8/avr8-gnu-toolchain/bin/../lib/gcc/avr/5.4.0/../../../../avr/lib/avr6\libm.a
LOAD C:\Users\kirbysf\Desktop\RobotEmbedded-master\RobotEmbedded-master\WheelDriver\acx\libacxserial.a
LOAD C:\Users\kirbysf\Desktop\RobotEmbedded-master\RobotEmbedded-master\WheelDriver\acx\libacx.a
LOAD C:\Users\kirbysf\Desktop\RobotEmbedded-master\RobotEmbedded-master\WheelDriver\acx\libacx.a
LOAD C:\Users\kirbysf\Desktop\RobotEmbedded-master\RobotEmbedded-master\WheelDriver\acx\libacxserial.a
END GROUP
START GROUP
LOAD c:/program files (x86)/atmel/studio/7.0/toolchain/avr8/avr8-gnu-toolchain/bin/../lib/gcc/avr/5.4.0/avr6\libgcc.a
LOAD c:/program files (x86)/atmel/studio/7.0/toolchain/avr8/avr8-gnu-toolchain/bin/../lib/gcc/avr/5.4.0/../../../../avr/lib/avr6\libm.a
LOAD c:/program files (x86)/atmel/studio/7.0/toolchain/avr8/avr8-gnu-toolchain/bin/../lib/gcc/avr/5.4.0/../../../../avr/lib/avr6\libc.a
LOAD C:/Program Files (x86)/Atmel/Studio/7.0/Packs/atmel/ATmega_DFP/1.2.209/gcc/dev/atmega2560/avr6\libatmega2560.a
END GROUP
                0x00100000                __TEXT_REGION_LENGTH__ = DEFINED (__TEXT_REGION_LENGTH__)?__TEXT_REGION_LENGTH__:0x100000
                0x0000fe00                __DATA_REGION_LENGTH__ = DEFINED (__DATA_REGION_LENGTH__)?__DATA_REGION_LENGTH__:0xfe00
                0x00010000                __EEPROM_REGION_LENGTH__ = DEFINED (__EEPROM_REGION_LENGTH__)?__EEPROM_REGION_LENGTH__:0x10000
                [0x00000003]                __FUSE_REGION_LENGTH__ = DEFINED (__FUSE_REGION_LENGTH__)?__FUSE_REGION_LENGTH__:0x400
                0x00000400                __LOCK_REGION_LENGTH__ = DEFINED (__LOCK_REGION_LENGTH__)?__LOCK_REGION_LENGTH__:0x400
                0x00000400                __SIGNATURE_REGION_LENGTH__ = DEFINED (__SIGNATURE_REGION_LENGTH__)?__SIGNATURE_REGION_LENGTH__:0x400
                0x00000400                __USER_SIGNATURE_REGION_LENGTH__ = DEFINED (__USER_SIGNATURE_REGION_LENGTH__)?__USER_SIGNATURE_REGION_LENGTH__:0x400

.hash
 *(.hash)

.dynsym
 *(.dynsym)

.dynstr
 *(.dynstr)

.gnu.version
 *(.gnu.version)

.gnu.version_d
 *(.gnu.version_d)

.gnu.version_r
 *(.gnu.version_r)

.rel.init
 *(.rel.init)

.rela.init
 *(.rela.init)

.rel.text
 *(.rel.text)
 *(.rel.text.*)
 *(.rel.gnu.linkonce.t*)

.rela.text
 *(.rela.text)
 *(.rela.text.*)
 *(.rela.gnu.linkonce.t*)

.rel.fini
 *(.rel.fini)

.rela.fini
 *(.rela.fini)

.rel.rodata
 *(.rel.rodata)
 *(.rel.rodata.*)
 *(.rel.gnu.linkonce.r*)

.rela.rodata
 *(.rela.rodata)
 *(.rela.rodata.*)
 *(.rela.gnu.linkonce.r*)

.rel.data
 *(.rel.data)
 *(.rel.data.*)
 *(.rel.gnu.linkonce.d*)

.rela.data
 *(.rela.data)
 *(.rela.data.*)
 *(.rela.gnu.linkonce.d*)

.rel.ctors
 *(.rel.ctors)

.rela.ctors
 *(.rela.ctors)

.rel.dtors
 *(.rel.dtors)

.rela.dtors
 *(.rela.dtors)

.rel.got
 *(.rel.got)

.rela.got
 *(.rela.got)

.rel.bss
 *(.rel.bss)

.rela.bss
 *(.rela.bss)

.rel.plt
 *(.rel.plt)

.rela.plt
 *(.rela.plt)

.text           0x00000000      0xc7a
 *(.vectors)
 .vectors       0x00000000       0xe4 C:/Program Files (x86)/Atmel/Studio/7.0/Packs/atmel/ATmega_DFP/1.2.209/gcc/dev/atmega2560/avr6/crtatmega2560.o
                0x00000000                __vector_default
                0x00000000                __vectors
 *(.vectors)
 *(.progmem.gcc*)
                0x000000e4                . = ALIGN (0x2)
                0x000000e4                __trampolines_start = .
 *(.trampolines)
 .trampolines   0x000000e4        0x0 linker stubs
 *(.trampolines*)
                0x000000e4                __trampolines_end = .
 *libprintf_flt.a:*(.progmem.data)
 *libc.a:*(.progmem.data)
 *(.progmem*)
                0x000000e4                . = ALIGN (0x2)
 *(.jumptables)
 *(.jumptables*)
 *(.lowtext)
 *(.lowtext*)
                0x000000e4                __ctors_start = .
 *(.ctors)
                0x000000e4                __ctors_end = .
                0x000000e4                __dtors_start = .
 *(.dtors)
                0x000000e4                __dtors_end = .
 SORT(*)(.ctors)
 SORT(*)(.dtors)
 *(.init0)
 .init0         0x000000e4        0x0 C:/Program Files (x86)/Atmel/Studio/7.0/Packs/atmel/ATmega_DFP/1.2.209/gcc/dev/atmega2560/avr6/crtatmega2560.o
                0x000000e4                __init
 *(.init0)
 *(.init1)
 *(.init1)
 *(.init2)
 .init2         0x000000e4       0x10 C:/Program Files (x86)/Atmel/Studio/7.0/Packs/atmel/ATmega_DFP/1.2.209/gcc/dev/atmega2560/avr6/crtatmega2560.o
 *(.init2)
 *(.init3)
 *(.init3)
 *(.init4)
 .init4         0x000000f4       0x1a c:/program files (x86)/atmel/studio/7.0/toolchain/avr8/avr8-gnu-toolchain/bin/../lib/gcc/avr/5.4.0/avr6\libgcc.a(_copy_data.o)
                0x000000f4                __do_copy_data
 .init4         0x0000010e       0x10 c:/program files (x86)/atmel/studio/7.0/toolchain/avr8/avr8-gnu-toolchain/bin/../lib/gcc/avr/5.4.0/avr6\libgcc.a(_clear_bss.o)
                0x0000010e                __do_clear_bss
 *(.init4)
 *(.init5)
 *(.init5)
 *(.init6)
 *(.init6)
 *(.init7)
 *(.init7)
 *(.init8)
 *(.init8)
 *(.init9)
 .init9         0x0000011e        0x4 C:/Program Files (x86)/Atmel/Studio/7.0/Packs/atmel/ATmega_DFP/1.2.209/gcc/dev/atmega2560/avr6/crtatmega2560.o
 *(.init9)
 *(.text)
 .text          0x00000122        0x2 C:/Program Files (x86)/Atmel/Studio/7.0/Packs/atmel/ATmega_DFP/1.2.209/gcc/dev/atmega2560/avr6/crtatmega2560.o
                0x00000122                __vector_38
                0x00000122                __vector_22
                0x00000122                __vector_28
                0x00000122                __vector_1
                0x00000122                __vector_34
                0x00000122                __vector_24
                0x00000122                __vector_12
                0x00000122                __vector_55
                0x00000122                __vector_46
                0x00000122                __bad_interrupt
                0x00000122                __vector_6
                0x00000122                __vector_31
                0x00000122                __vector_35
                0x00000122                __vector_39
                0x00000122                __vector_3
                0x00000122                __vector_23
                0x00000122                __vector_30
                0x00000122                __vector_45
                0x00000122                __vector_25
                0x00000122                __vector_54
                0x00000122                __vector_13
                0x00000122                __vector_19
                0x00000122                __vector_56
                0x00000122                __vector_7
                0x00000122                __vector_49
                0x00000122                __vector_41
                0x00000122                __vector_43
                0x00000122                __vector_27
                0x00000122                __vector_5
                0x00000122                __vector_33
                0x00000122                __vector_47
                0x00000122                __vector_52
                0x00000122                __vector_37
                0x00000122                __vector_4
                0x00000122                __vector_44
                0x00000122                __vector_51
                0x00000122                __vector_2
                0x00000122                __vector_21
                0x00000122                __vector_15
                0x00000122                __vector_36
                0x00000122                __vector_29
                0x00000122                __vector_40
                0x00000122                __vector_8
                0x00000122                __vector_26
                0x00000122                __vector_48
                0x00000122                __vector_14
                0x00000122                __vector_53
                0x00000122                __vector_50
                0x00000122                __vector_16
                0x00000122                __vector_18
                0x00000122                __vector_20
                0x00000122                __vector_42
                0x00000124                . = ALIGN (0x2)
 *(.text.*)
 .text.IRsetup  0x00000124       0x20 src/IRsensor.o
                0x00000124                IRsetup
 .text.__vector_9
                0x00000144       0x80 src/IRsensor.o
                0x00000144                __vector_9
 .text.IRrun    0x000001c4       0x8a src/IRsensor.o
                0x000001c4                IRrun
 .text.__vector_17
                0x0000024e       0x52 src/MotorControls.o
                0x0000024e                __vector_17
 .text.__vector_32
                0x000002a0       0x44 src/MotorControls.o
                0x000002a0                __vector_32
 .text.wheelSetup
                0x000002e4       0x70 src/MotorControls.o
                0x000002e4                wheelSetup
 .text.goForwards
                0x00000354        0x6 src/MotorControls.o
                0x00000354                goForwards
 .text.stop     0x0000035a       0x2a src/MotorControls.o
                0x0000035a                stop
 .text.setSpeed
                0x00000384       0x42 src/MotorControls.o
                0x00000384                setSpeed
 .text.TurnDegrees
                0x000003c6       0xb6 src/MotorControls.o
                0x000003c6                TurnDegrees
 .text.__vector_10
                0x0000047c       0x6a src/RotaryEncoder.o
                0x0000047c                __vector_10
 .text.RotarySetup
                0x000004e6       0x34 src/RotaryEncoder.o
                0x000004e6                RotarySetup
 .text.getLeftRotaryCount
                0x0000051a        0xa src/RotaryEncoder.o
                0x0000051a                getLeftRotaryCount
 .text.getRightRotaryCount
                0x00000524        0xa src/RotaryEncoder.o
                0x00000524                getRightRotaryCount
 .text.__vector_11
                0x0000052e      0x2c2 src/UltrasonicObservers.o
                0x0000052e                __vector_11
 .text.setUpUltraSonic
                0x000007f0       0x32 src/UltrasonicObservers.o
                0x000007f0                setUpUltraSonic
 .text.main     0x00000822       0x28 src/main.o
                0x00000822                main
 .text.avr-libc.fplib
                0x0000084a        0xa c:/program files (x86)/atmel/studio/7.0/toolchain/avr8/avr8-gnu-toolchain/bin/../lib/gcc/avr/5.4.0/../../../../avr/lib/avr6\libm.a(addsf3.o)
                0x0000084a                __subsf3
                0x0000084c                __addsf3
 .text.avr-libc.fplib
                0x00000854       0xc0 c:/program files (x86)/atmel/studio/7.0/toolchain/avr8/avr8-gnu-toolchain/bin/../lib/gcc/avr/5.4.0/../../../../avr/lib/avr6\libm.a(addsf3x.o)
                0x0000086e                __addsf3x
 .text.avr-libc.fplib
                0x00000914        0x4 c:/program files (x86)/atmel/studio/7.0/toolchain/avr8/avr8-gnu-toolchain/bin/../lib/gcc/avr/5.4.0/../../../../avr/lib/avr6\libm.a(divsf3.o)
                0x00000914                __divsf3
 .text.avr-libc.fplib
                0x00000918       0xcc c:/program files (x86)/atmel/studio/7.0/toolchain/avr8/avr8-gnu-toolchain/bin/../lib/gcc/avr/5.4.0/../../../../avr/lib/avr6\libm.a(divsf3x.o)
                0x0000092e                __divsf3x
                0x00000932                __divsf3_pse
 .text.avr-libc.fplib
                0x000009e4        0xa c:/program files (x86)/atmel/studio/7.0/toolchain/avr8/avr8-gnu-toolchain/bin/../lib/gcc/avr/5.4.0/../../../../avr/lib/avr6\libm.a(fixsfsi.o)
                0x000009e4                __fixsfsi
 .text.avr-libc.fplib
                0x000009ee       0x58 c:/program files (x86)/atmel/studio/7.0/toolchain/avr8/avr8-gnu-toolchain/bin/../lib/gcc/avr/5.4.0/../../../../avr/lib/avr6\libm.a(fixunssfsi.o)
                0x000009ee                __fixunssfsi
 .text.avr-libc.fplib
                0x00000a46       0x7a c:/program files (x86)/atmel/studio/7.0/toolchain/avr8/avr8-gnu-toolchain/bin/../lib/gcc/avr/5.4.0/../../../../avr/lib/avr6\libm.a(floatsisf.o)
                0x00000a46                __floatunsisf
                0x00000a4a                __floatsisf
 .text.avr-libc.fplib
                0x00000ac0        0xc c:/program files (x86)/atmel/studio/7.0/toolchain/avr8/avr8-gnu-toolchain/bin/../lib/gcc/avr/5.4.0/../../../../avr/lib/avr6\libm.a(fp_inf.o)
                0x00000ac0                __fp_inf
 .text.avr-libc.fplib
                0x00000acc        0x6 c:/program files (x86)/atmel/studio/7.0/toolchain/avr8/avr8-gnu-toolchain/bin/../lib/gcc/avr/5.4.0/../../../../avr/lib/avr6\libm.a(fp_nan.o)
                0x00000acc                __fp_nan
 .text.avr-libc.fplib
                0x00000ad2        0xe c:/program files (x86)/atmel/studio/7.0/toolchain/avr8/avr8-gnu-toolchain/bin/../lib/gcc/avr/5.4.0/../../../../avr/lib/avr6\libm.a(fp_pscA.o)
                0x00000ad2                __fp_pscA
 .text.avr-libc.fplib
                0x00000ae0        0xe c:/program files (x86)/atmel/studio/7.0/toolchain/avr8/avr8-gnu-toolchain/bin/../lib/gcc/avr/5.4.0/../../../../avr/lib/avr6\libm.a(fp_pscB.o)
                0x00000ae0                __fp_pscB
 .text.avr-libc.fplib
                0x00000aee       0x22 c:/program files (x86)/atmel/studio/7.0/toolchain/avr8/avr8-gnu-toolchain/bin/../lib/gcc/avr/5.4.0/../../../../avr/lib/avr6\libm.a(fp_round.o)
                0x00000aee                __fp_round
 .text.avr-libc.fplib
                0x00000b10       0x44 c:/program files (x86)/atmel/studio/7.0/toolchain/avr8/avr8-gnu-toolchain/bin/../lib/gcc/avr/5.4.0/../../../../avr/lib/avr6\libm.a(fp_split3.o)
                0x00000b10                __fp_split3
                0x00000b20                __fp_splitA
 .text.avr-libc.fplib
                0x00000b54        0xe c:/program files (x86)/atmel/studio/7.0/toolchain/avr8/avr8-gnu-toolchain/bin/../lib/gcc/avr/5.4.0/../../../../avr/lib/avr6\libm.a(fp_zero.o)
                0x00000b54                __fp_zero
                0x00000b56                __fp_szero
 .text.avr-libc.fplib
                0x00000b62        0x4 c:/program files (x86)/atmel/studio/7.0/toolchain/avr8/avr8-gnu-toolchain/bin/../lib/gcc/avr/5.4.0/../../../../avr/lib/avr6\libm.a(mulsf3.o)
                0x00000b62                __mulsf3
 .text.avr-libc.fplib
                0x00000b66       0xc2 c:/program files (x86)/atmel/studio/7.0/toolchain/avr8/avr8-gnu-toolchain/bin/../lib/gcc/avr/5.4.0/../../../../avr/lib/avr6\libm.a(mulsf3x.o)
                0x00000b7a                __mulsf3x
                0x00000b7e                __mulsf3_pse
 .text.libgcc.div
                0x00000c28       0x26 c:/program files (x86)/atmel/studio/7.0/toolchain/avr8/avr8-gnu-toolchain/bin/../lib/gcc/avr/5.4.0/avr6\libgcc.a(_divmodhi4.o)
                0x00000c28                _div
                0x00000c28                __divmodhi4
 .text.libgcc.div
                0x00000c4e       0x28 c:/program files (x86)/atmel/studio/7.0/toolchain/avr8/avr8-gnu-toolchain/bin/../lib/gcc/avr/5.4.0/avr6\libgcc.a(_udivmodhi4.o)
                0x00000c4e                __udivmodhi4
                0x00000c76                . = ALIGN (0x2)
 *(.fini9)
 .fini9         0x00000c76        0x0 c:/program files (x86)/atmel/studio/7.0/toolchain/avr8/avr8-gnu-toolchain/bin/../lib/gcc/avr/5.4.0/avr6\libgcc.a(_exit.o)
                0x00000c76                _exit
                0x00000c76                exit
 *(.fini9)
 *(.fini8)
 *(.fini8)
 *(.fini7)
 *(.fini7)
 *(.fini6)
 *(.fini6)
 *(.fini5)
 *(.fini5)
 *(.fini4)
 *(.fini4)
 *(.fini3)
 *(.fini3)
 *(.fini2)
 *(.fini2)
 *(.fini1)
 *(.fini1)
 *(.fini0)
 .fini0         0x00000c76        0x4 c:/program files (x86)/atmel/studio/7.0/toolchain/avr8/avr8-gnu-toolchain/bin/../lib/gcc/avr/5.4.0/avr6\libgcc.a(_exit.o)
 *(.fini0)
                0x00000c7a                _etext = .

.data           0x00800200        0x4 load address 0x00000c7a
                0x00800200                PROVIDE (__data_start, .)
 *(.data)
 *(.data*)
 .data.distanceRight
                0x00800200        0x4 src/UltrasonicObservers.o
 *(.gnu.linkonce.d*)
 *(.rodata)
 *(.rodata*)
 *(.gnu.linkonce.r*)
                0x00800204                . = ALIGN (0x2)
                0x00800204                _edata = .
                0x00800204                PROVIDE (__data_end, .)

.bss            0x00800204       0x24
                0x00800204                PROVIDE (__bss_start, .)
 *(.bss)
 *(.bss*)
 .bss.rightTape
                0x00800204        0x2 src/IRsensor.o
                0x00800204                rightTape
 .bss.SYNCH     0x00800206        0x2 src/MotorControls.o
                0x00800206                SYNCH
 .bss.PCINT1_STATE
                0x00800208        0x1 src/RotaryEncoder.o
                0x00800208                PCINT1_STATE
 .bss.avgR      0x00800209        0x4 src/UltrasonicObservers.o
 .bss.avgL      0x0080020d        0x4 src/UltrasonicObservers.o
 .bss.avg_countR
                0x00800211        0x2 src/UltrasonicObservers.o
 .bss.avg_countL
                0x00800213        0x2 src/UltrasonicObservers.o
 .bss.PCINT2_STATE
                0x00800215        0x1 src/UltrasonicObservers.o
                0x00800215                PCINT2_STATE
 .bss.rightInc  0x00800216        0x2 src/UltrasonicObservers.o
 .bss.leftInc   0x00800218        0x2 src/UltrasonicObservers.o
 .bss.rightPulse
                0x0080021a        0x2 src/UltrasonicObservers.o
 .bss.leftPulse
                0x0080021c        0x2 src/UltrasonicObservers.o
 .bss.distanceLeft
                0x0080021e        0x4 src/UltrasonicObservers.o
 *(COMMON)
 COMMON         0x00800222        0x2 src/IRsensor.o
                0x00800222                leftTape
 COMMON         0x00800224        0x4 src/RotaryEncoder.o
                0x00800224                right
                0x00800226                left
                0x00800228                PROVIDE (__bss_end, .)
                0x00000c7a                __data_load_start = LOADADDR (.data)
                0x00000c7e                __data_load_end = (__data_load_start + SIZEOF (.data))

.noinit         0x00800228        0x0
                [!provide]                PROVIDE (__noinit_start, .)
 *(.noinit*)
                [!provide]                PROVIDE (__noinit_end, .)
                0x00800228                _end = .
                [!provide]                PROVIDE (__heap_start, .)

.eeprom         0x00810000        0x0
 *(.eeprom*)
                0x00810000                __eeprom_end = .

.fuse
 *(.fuse)
 *(.lfuse)
 *(.hfuse)
 *(.efuse)

.lock
 *(.lock*)

.signature
 *(.signature*)

.user_signatures
 *(.user_signatures*)

.stab
 *(.stab)

.stabstr
 *(.stabstr)

.stab.excl
 *(.stab.excl)

.stab.exclstr
 *(.stab.exclstr)

.stab.index
 *(.stab.index)

.stab.indexstr
 *(.stab.indexstr)

.comment        0x00000000       0x30
 *(.comment)
 .comment       0x00000000       0x30 src/IRsensor.o
                                 0x31 (size before relaxing)
 .comment       0x00000030       0x31 src/MotorControls.o
 .comment       0x00000030       0x31 src/RotaryEncoder.o
 .comment       0x00000030       0x31 src/UltrasonicObservers.o
 .comment       0x00000030       0x31 src/main.o

.note.gnu.avr.deviceinfo
                0x00000000       0x40
 .note.gnu.avr.deviceinfo
                0x00000000       0x40 C:/Program Files (x86)/Atmel/Studio/7.0/Packs/atmel/ATmega_DFP/1.2.209/gcc/dev/atmega2560/avr6/crtatmega2560.o

.note.gnu.build-id
 *(.note.gnu.build-id)

.debug
 *(.debug)

.line
 *(.line)

.debug_srcinfo
 *(.debug_srcinfo)

.debug_sfnames
 *(.debug_sfnames)

.debug_aranges  0x00000000      0x180
 *(.debug_aranges)
 .debug_aranges
                0x00000000       0x30 src/IRsensor.o
 .debug_aranges
                0x00000030       0xb8 src/MotorControls.o
 .debug_aranges
                0x000000e8       0x38 src/RotaryEncoder.o
 .debug_aranges
                0x00000120       0x40 src/UltrasonicObservers.o
 .debug_aranges
                0x00000160       0x20 src/main.o

.debug_pubnames
 *(.debug_pubnames)

.debug_info     0x00000000     0x1ea7
 *(.debug_info .gnu.linkonce.wi.*)
 .debug_info    0x00000000      0xbbc C:/Program Files (x86)/Atmel/Studio/7.0/Packs/atmel/ATmega_DFP/1.2.209/gcc/dev/atmega2560/avr6/crtatmega2560.o
 .debug_info    0x00000bbc      0x2a3 src/IRsensor.o
 .debug_info    0x00000e5f      0x9d8 src/MotorControls.o
 .debug_info    0x00001837      0x138 src/RotaryEncoder.o
 .debug_info    0x0000196f      0x37d src/UltrasonicObservers.o
 .debug_info    0x00001cec      0x1bb src/main.o

.debug_abbrev   0x00000000     0x1275
 *(.debug_abbrev)
 .debug_abbrev  0x00000000      0xb1a C:/Program Files (x86)/Atmel/Studio/7.0/Packs/atmel/ATmega_DFP/1.2.209/gcc/dev/atmega2560/avr6/crtatmega2560.o
 .debug_abbrev  0x00000b1a      0x14d src/IRsensor.o
 .debug_abbrev  0x00000c67      0x2e9 src/MotorControls.o
 .debug_abbrev  0x00000f50       0xab src/RotaryEncoder.o
 .debug_abbrev  0x00000ffb      0x181 src/UltrasonicObservers.o
 .debug_abbrev  0x0000117c       0xf9 src/main.o

.debug_line     0x00000000     0x1fb6
 *(.debug_line .debug_line.* .debug_line_end)
 .debug_line    0x00000000      0x1f9 C:/Program Files (x86)/Atmel/Studio/7.0/Packs/atmel/ATmega_DFP/1.2.209/gcc/dev/atmega2560/avr6/crtatmega2560.o
 .debug_line    0x000001f9      0x4e0 src/IRsensor.o
 .debug_line    0x000006d9      0x975 src/MotorControls.o
 .debug_line    0x0000104e      0x4d1 src/RotaryEncoder.o
 .debug_line    0x0000151f      0x615 src/UltrasonicObservers.o
 .debug_line    0x00001b34      0x482 src/main.o

.debug_frame    0x00000000      0x418
 *(.debug_frame)
 .debug_frame   0x00000000       0x58 src/IRsensor.o
 .debug_frame   0x00000058      0x278 src/MotorControls.o
 .debug_frame   0x000002d0       0x74 src/RotaryEncoder.o
 .debug_frame   0x00000344       0xb0 src/UltrasonicObservers.o
 .debug_frame   0x000003f4       0x24 src/main.o

.debug_str      0x00000000    0x14afc
 *(.debug_str)
 .debug_str     0x00000000      0x3e6 C:/Program Files (x86)/Atmel/Studio/7.0/Packs/atmel/ATmega_DFP/1.2.209/gcc/dev/atmega2560/avr6/crtatmega2560.o
 .debug_str     0x000003e6    0x13b1c src/IRsensor.o
                              0x13d35 (size before relaxing)
 .debug_str     0x00013f02      0xaaa src/MotorControls.o
                              0x142c0 (size before relaxing)
 .debug_str     0x000149ac       0x52 src/RotaryEncoder.o
                              0x140ac (size before relaxing)
 .debug_str     0x000149fe       0xeb src/UltrasonicObservers.o
                              0x1417d (size before relaxing)
 .debug_str     0x00014ae9       0x13 src/main.o
                              0x140c1 (size before relaxing)

.debug_loc      0x00000000     0x1127
 *(.debug_loc)
 .debug_loc     0x00000000      0x134 src/IRsensor.o
 .debug_loc     0x00000134      0xc6f src/MotorControls.o
 .debug_loc     0x00000da3       0x98 src/RotaryEncoder.o
 .debug_loc     0x00000e3b      0x2a4 src/UltrasonicObservers.o
 .debug_loc     0x000010df       0x48 src/main.o

.debug_macinfo
 *(.debug_macinfo)

.debug_weaknames
 *(.debug_weaknames)

.debug_funcnames
 *(.debug_funcnames)

.debug_typenames
 *(.debug_typenames)

.debug_varnames
 *(.debug_varnames)

.debug_pubtypes
 *(.debug_pubtypes)

.debug_ranges   0x00000000      0x1c8
 *(.debug_ranges)
 .debug_ranges  0x00000000       0x20 src/IRsensor.o
 .debug_ranges  0x00000020      0x140 src/MotorControls.o
 .debug_ranges  0x00000160       0x28 src/RotaryEncoder.o
 .debug_ranges  0x00000188       0x30 src/UltrasonicObservers.o
 .debug_ranges  0x000001b8       0x10 src/main.o

.debug_macro    0x00000000     0x5464
 *(.debug_macro)
 .debug_macro   0x00000000      0x192 src/IRsensor.o
 .debug_macro   0x00000192      0xa7e src/IRsensor.o
 .debug_macro   0x00000c10       0x10 src/IRsensor.o
 .debug_macro   0x00000c20      0x1c9 src/IRsensor.o
 .debug_macro   0x00000de9      0x2fc src/IRsensor.o
 .debug_macro   0x000010e5       0x9e src/IRsensor.o
 .debug_macro   0x00001183     0x1ecb src/IRsensor.o
 .debug_macro   0x0000304e      0x100 src/IRsensor.o
 .debug_macro   0x0000314e      0x2ea src/IRsensor.o
 .debug_macro   0x00003438       0xd9 src/IRsensor.o
 .debug_macro   0x00003511       0x34 src/IRsensor.o
 .debug_macro   0x00003545       0x18 src/IRsensor.o
 .debug_macro   0x0000355d       0x6c src/IRsensor.o
 .debug_macro   0x000035c9       0x10 src/IRsensor.o
 .debug_macro   0x000035d9      0x166 src/IRsensor.o
 .debug_macro   0x0000373f       0x22 src/IRsensor.o
 .debug_macro   0x00003761      0x6d7 src/IRsensor.o
 .debug_macro   0x00003e38      0x16d src/IRsensor.o
 .debug_macro   0x00003fa5       0x1c src/IRsensor.o
 .debug_macro   0x00003fc1       0x35 src/IRsensor.o
 .debug_macro   0x00003ff6       0x60 src/IRsensor.o
 .debug_macro   0x00004056       0x43 src/IRsensor.o
 .debug_macro   0x00004099       0x10 src/IRsensor.o
 .debug_macro   0x000040a9      0x175 src/IRsensor.o
 .debug_macro   0x0000421e       0x40 src/IRsensor.o
 .debug_macro   0x0000425e      0x100 src/IRsensor.o
 .debug_macro   0x0000435e       0x69 src/IRsensor.o
 .debug_macro   0x000043c7       0x2b src/IRsensor.o
 .debug_macro   0x000043f2       0x58 src/IRsensor.o
 .debug_macro   0x0000444a       0x10 src/IRsensor.o
 .debug_macro   0x0000445a       0xf2 src/IRsensor.o
 .debug_macro   0x0000454c       0xee src/IRsensor.o
 .debug_macro   0x0000463a       0xff src/IRsensor.o
 .debug_macro   0x00004739      0x19b src/MotorControls.o
 .debug_macro   0x000048d4       0x97 src/MotorControls.o
 .debug_macro   0x0000496b       0xaa src/MotorControls.o
 .debug_macro   0x00004a15       0xf6 src/MotorControls.o
 .debug_macro   0x00004b0b       0x66 src/MotorControls.o
 .debug_macro   0x00004b71      0x2bd src/MotorControls.o
 .debug_macro   0x00004e2e      0x160 src/MotorControls.o
 .debug_macro   0x00004f8e      0x197 src/RotaryEncoder.o
 .debug_macro   0x00005125      0x197 src/UltrasonicObservers.o
 .debug_macro   0x000052bc      0x1a8 src/main.o
OUTPUT(WheelDriver.elf elf32-avr)
LOAD linker stubs
